2025-09-24 10:58:57,004 - INFO - 数据库连接成功
2025-09-24 10:58:57,183 - INFO - 开始执行增量抓取任务
2025-09-24 10:58:57,251 - INFO - 数据库连接成功
2025-09-24 10:58:57,251 - INFO - 抓取时间范围: 2025-06-24 10:58:57 到 2025-09-24 10:58:57
2025-09-24 10:58:57,251 - INFO - 开始增量数据抓取...
2025-09-24 10:58:58,434 - INFO - 第 1 页找到 22 条新记录
2025-09-24 10:58:59,053 - INFO - 第 2 页找到 30 条新记录
2025-09-24 10:58:59,699 - INFO - 第 3 页找到 5 条新记录
2025-09-24 10:59:04,315 - INFO - 第 10 页数据不足30条，已到最后一页
2025-09-24 10:59:04,315 - INFO - 增量抓取完成，共获取 57 条新记录
2025-09-24 10:59:04,315 - INFO - 开始处理 57 条新比赛数据
2025-09-24 10:59:04,315 - INFO - 处理比赛 1/57: g173-n-20250922223231337044347
2025-09-24 10:59:04,332 - INFO - 比赛 g173-n-20250922223231337044347 已存在于数据库，跳过
2025-09-24 10:59:04,332 - INFO - 处理比赛 2/57: g173-n-20250922220141037350458
2025-09-24 10:59:04,348 - INFO - 比赛 g173-n-20250922220141037350458 已存在于数据库，跳过
2025-09-24 10:59:04,348 - INFO - 处理比赛 3/57: g173-n-20250922212325736771777
2025-09-24 10:59:04,373 - INFO - 比赛 g173-n-20250922212325736771777 已存在于数据库，跳过
2025-09-24 10:59:04,373 - INFO - 处理比赛 4/57: g173-n-20250921210126438503442
2025-09-24 10:59:04,391 - INFO - 比赛 g173-n-20250921210126438503442 已存在于数据库，跳过
2025-09-24 10:59:04,391 - INFO - 处理比赛 5/57: g173-n-20250921203757036607967
2025-09-24 10:59:04,408 - INFO - 比赛 g173-n-20250921203757036607967 已存在于数据库，跳过
2025-09-24 10:59:04,408 - INFO - 处理比赛 6/57: g173-n-20250921200250236790371
2025-09-24 10:59:04,426 - INFO - 比赛 g173-n-20250921200250236790371 已存在于数据库，跳过
2025-09-24 10:59:04,426 - INFO - 处理比赛 7/57: g173-n-20250921190246836943728
2025-09-24 10:59:04,443 - INFO - 比赛 g173-n-20250921190246836943728 已存在于数据库，跳过
2025-09-24 10:59:04,443 - INFO - 处理比赛 8/57: g173-n-20250921135945437450829
2025-09-24 10:59:04,460 - INFO - 比赛 g173-n-20250921135945437450829 已存在于数据库，跳过
2025-09-24 10:59:04,460 - INFO - 处理比赛 9/57: g173-n-20250921132738737063590
2025-09-24 10:59:04,482 - INFO - 比赛 g173-n-20250921132738737063590 已存在于数据库，跳过
2025-09-24 10:59:04,482 - INFO - 处理比赛 10/57: g173-n-20250920231659337429415
2025-09-24 10:59:04,501 - INFO - 比赛 g173-n-20250920231659337429415 已存在于数据库，跳过
2025-09-24 10:59:04,501 - INFO - 处理比赛 11/57: g173-n-20250920203807637590518
2025-09-24 10:59:04,519 - INFO - 比赛 g173-n-20250920203807637590518 已存在于数据库，跳过
2025-09-24 10:59:04,519 - INFO - 处理比赛 12/57: g173-n-20250920195905637215438
2025-09-24 10:59:04,537 - INFO - 比赛 g173-n-20250920195905637215438 已存在于数据库，跳过
2025-09-24 10:59:04,537 - INFO - 处理比赛 13/57: g173-n-20250920192643336867305
2025-09-24 10:59:04,553 - INFO - 比赛 g173-n-20250920192643336867305 已存在于数据库，跳过
2025-09-24 10:59:04,553 - INFO - 处理比赛 14/57: g173-n-20250920184334036606112
2025-09-24 10:59:04,571 - INFO - 比赛 g173-n-20250920184334036606112 已存在于数据库，跳过
2025-09-24 10:59:04,571 - INFO - 处理比赛 15/57: g173-n-20250916232302837365646
2025-09-24 10:59:04,589 - INFO - 比赛 g173-n-20250916232302837365646 已存在于数据库，跳过
2025-09-24 10:59:04,589 - INFO - 处理比赛 16/57: g173-n-20250916223853136804518
2025-09-24 10:59:04,606 - INFO - 比赛 g173-n-20250916223853136804518 已存在于数据库，跳过
2025-09-24 10:59:04,606 - INFO - 处理比赛 17/57: g173-n-20250916214434737460768
2025-09-24 10:59:04,623 - INFO - 比赛 g173-n-20250916214434737460768 已存在于数据库，跳过
2025-09-24 10:59:04,623 - INFO - 处理比赛 18/57: g173-n-20250916210414437560474
2025-09-24 10:59:04,640 - INFO - 比赛 g173-n-20250916210414437560474 已存在于数据库，跳过
2025-09-24 10:59:04,640 - INFO - 处理比赛 19/57: g173-n-20250916202302537611661
2025-09-24 10:59:04,657 - INFO - 比赛 g173-n-20250916202302537611661 已存在于数据库，跳过
2025-09-24 10:59:04,657 - INFO - 处理比赛 20/57: g173-n-20250916195515437071440
2025-09-24 10:59:04,674 - INFO - 比赛 g173-n-20250916195515437071440 已存在于数据库，跳过
2025-09-24 10:59:04,674 - INFO - 处理比赛 21/57: g173-n-20250915224242637427335
2025-09-24 10:59:04,691 - INFO - 比赛 g173-n-20250915224242637427335 已存在于数据库，跳过
2025-09-24 10:59:04,691 - INFO - 处理比赛 22/57: g173-n-20250915220641452331320
2025-09-24 10:59:04,711 - INFO - 比赛 g173-n-20250915220641452331320 已存在于数据库，跳过
2025-09-24 10:59:04,711 - INFO - 处理比赛 23/57: g173-n-20250915211703337300447
2025-09-24 10:59:04,727 - INFO - 比赛 g173-n-20250915211703337300447 已存在于数据库，跳过
2025-09-24 10:59:04,727 - INFO - 处理比赛 24/57: g173-n-20250915203109036918786
2025-09-24 10:59:04,744 - INFO - 比赛 g173-n-20250915203109036918786 已存在于数据库，跳过
2025-09-24 10:59:04,744 - INFO - 处理比赛 25/57: g173-n-20250914220129437160792
2025-09-24 10:59:04,761 - INFO - 比赛 g173-n-20250914220129437160792 已存在于数据库，跳过
2025-09-24 10:59:04,761 - INFO - 处理比赛 26/57: g173-n-20250914212832437807522
2025-09-24 10:59:04,778 - INFO - 比赛 g173-n-20250914212832437807522 已存在于数据库，跳过
2025-09-24 10:59:04,778 - INFO - 处理比赛 27/57: g173-n-20250914205506037238546
2025-09-24 10:59:04,795 - INFO - 比赛 g173-n-20250914205506037238546 已存在于数据库，跳过
2025-09-24 10:59:04,795 - INFO - 处理比赛 28/57: g173-n-20250910214656436713163
2025-09-24 10:59:04,811 - INFO - 比赛 g173-n-20250910214656436713163 已存在于数据库，跳过
2025-09-24 10:59:04,811 - INFO - 处理比赛 29/57: g173-n-20250910205815937162422
2025-09-24 10:59:04,828 - INFO - 比赛 g173-n-20250910205815937162422 已存在于数据库，跳过
2025-09-24 10:59:04,828 - INFO - 处理比赛 30/57: g173-n-20250910203422337349185
2025-09-24 10:59:04,846 - INFO - 比赛 g173-n-20250910203422337349185 已存在于数据库，跳过
2025-09-24 10:59:04,846 - INFO - 处理比赛 31/57: g173-n-20250910200105237633505
2025-09-24 10:59:04,863 - INFO - 比赛 g173-n-20250910200105237633505 已存在于数据库，跳过
2025-09-24 10:59:04,863 - INFO - 处理比赛 32/57: g173-n-20250909222454537364550
2025-09-24 10:59:04,879 - INFO - 比赛 g173-n-20250909222454537364550 已存在于数据库，跳过
2025-09-24 10:59:04,879 - INFO - 处理比赛 33/57: g173-n-20250909215954837451128
2025-09-24 10:59:04,896 - INFO - 比赛 g173-n-20250909215954837451128 已存在于数据库，跳过
2025-09-24 10:59:04,896 - INFO - 处理比赛 34/57: g173-n-20250909213533937608516
2025-09-24 10:59:04,913 - INFO - 比赛 g173-n-20250909213533937608516 已存在于数据库，跳过
2025-09-24 10:59:04,913 - INFO - 处理比赛 35/57: g173-n-20250909205824837500146
2025-09-24 10:59:04,929 - INFO - 比赛 g173-n-20250909205824837500146 已存在于数据库，跳过
2025-09-24 10:59:04,929 - INFO - 处理比赛 36/57: g173-n-20250908204346637361229
2025-09-24 10:59:04,946 - INFO - 比赛 g173-n-20250908204346637361229 已存在于数据库，跳过
2025-09-24 10:59:04,946 - INFO - 处理比赛 37/57: g173-n-20250908202041436812811
2025-09-24 10:59:04,963 - INFO - 比赛 g173-n-20250908202041436812811 已存在于数据库，跳过
2025-09-24 10:59:04,963 - INFO - 处理比赛 38/57: g173-n-20250907223340540238718
2025-09-24 10:59:04,980 - INFO - 比赛 g173-n-20250907223340540238718 已存在于数据库，跳过
2025-09-24 10:59:04,980 - INFO - 处理比赛 39/57: g173-n-20250907215323236691879
2025-09-24 10:59:04,996 - INFO - 比赛 g173-n-20250907215323236691879 已存在于数据库，跳过
2025-09-24 10:59:04,996 - INFO - 处理比赛 40/57: g173-n-20250907211046736838835
2025-09-24 10:59:05,014 - INFO - 比赛 g173-n-20250907211046736838835 已存在于数据库，跳过
2025-09-24 10:59:05,014 - INFO - 处理比赛 41/57: g173-n-20250907204306036783478
2025-09-24 10:59:05,031 - INFO - 比赛 g173-n-20250907204306036783478 已存在于数据库，跳过
2025-09-24 10:59:05,031 - INFO - 处理比赛 42/57: g173-n-20250907012621736714217
2025-09-24 10:59:05,048 - INFO - 比赛 g173-n-20250907012621736714217 已存在于数据库，跳过
2025-09-24 10:59:05,048 - INFO - 处理比赛 43/57: g173-n-20250907005123337406626
2025-09-24 10:59:05,064 - INFO - 比赛 g173-n-20250907005123337406626 已存在于数据库，跳过
2025-09-24 10:59:05,064 - INFO - 处理比赛 44/57: g173-n-20250907001850836912511
2025-09-24 10:59:05,081 - INFO - 比赛 g173-n-20250907001850836912511 已存在于数据库，跳过
2025-09-24 10:59:05,081 - INFO - 处理比赛 45/57: g173-n-20250906234753237482790
2025-09-24 10:59:05,097 - INFO - 比赛 g173-n-20250906234753237482790 已存在于数据库，跳过
2025-09-24 10:59:05,097 - INFO - 处理比赛 46/57: g173-n-20250906225924137101523
2025-09-24 10:59:05,114 - INFO - 比赛 g173-n-20250906225924137101523 已存在于数据库，跳过
2025-09-24 10:59:05,114 - INFO - 处理比赛 47/57: g173-n-20250906222708837484427
2025-09-24 10:59:05,130 - INFO - 比赛 g173-n-20250906222708837484427 已存在于数据库，跳过
2025-09-24 10:59:05,130 - INFO - 处理比赛 48/57: g173-n-20250905221845436798790
2025-09-24 10:59:05,147 - INFO - 比赛 g173-n-20250905221845436798790 已存在于数据库，跳过
2025-09-24 10:59:05,147 - INFO - 处理比赛 49/57: g173-n-20250905213325737516869
2025-09-24 10:59:05,164 - INFO - 比赛 g173-n-20250905213325737516869 已存在于数据库，跳过
2025-09-24 10:59:05,164 - INFO - 处理比赛 50/57: g173-n-20250905205116436634312
2025-09-24 10:59:05,181 - INFO - 比赛 g173-n-20250905205116436634312 已存在于数据库，跳过
2025-09-24 10:59:05,181 - INFO - 处理比赛 51/57: g173-n-20250903222047137156187
2025-09-24 10:59:05,197 - INFO - 比赛 g173-n-20250903222047137156187 已存在于数据库，跳过
2025-09-24 10:59:05,197 - INFO - 处理比赛 52/57: g173-n-20250903214353937958151
2025-09-24 10:59:05,214 - INFO - 比赛 g173-n-20250903214353937958151 已存在于数据库，跳过
2025-09-24 10:59:05,214 - INFO - 处理比赛 53/57: g173-n-20250902221313037094485
2025-09-24 10:59:05,230 - INFO - 比赛 g173-n-20250902221313037094485 已存在于数据库，跳过
2025-09-24 10:59:05,230 - INFO - 处理比赛 54/57: g173-n-20250902205308137453860
2025-09-24 10:59:05,247 - INFO - 比赛 g173-n-20250902205308137453860 已存在于数据库，跳过
2025-09-24 10:59:05,247 - INFO - 处理比赛 55/57: g173-n-20250901222228836614783
2025-09-24 10:59:05,265 - INFO - 比赛 g173-n-20250901222228836614783 已存在于数据库，跳过
2025-09-24 10:59:05,265 - INFO - 处理比赛 56/57: g173-n-20250901212501237256262
2025-09-24 10:59:05,281 - INFO - 比赛 g173-n-20250901212501237256262 已存在于数据库，跳过
2025-09-24 10:59:05,281 - INFO - 处理比赛 57/57: g173-n-20250901204902836721753
2025-09-24 10:59:05,298 - INFO - 比赛 g173-n-20250901204902836721753 已存在于数据库，跳过
2025-09-24 10:59:05,544 - INFO - 比赛数据已保存到 data/all_matches.json
2025-09-24 10:59:05,545 - INFO - 增量抓取成功完成，新增 57 条记录
2025-09-24 10:59:05,545 - INFO - 数据库操作统计: 插入成功 0, 插入失败 0
2025-09-24 10:59:05,545 - INFO - 详情获取统计: 成功 0, 失败 0
2025-09-24 10:59:05,545 - INFO - 数据库连接已关闭
